// Jest Snapshot v1, https://goo.gl/fbAQLP

exports[`Pruebas en el calendar screen Debe mostrarse correctamente 1`] = `
<div
  className="flex flex-col h-screen font-Poppins"
>
  <div
    className="flex flex-wrap box-border"
  >
    <section
      className="relative mb-4 w-full"
    >
      <nav
        className="flex justify-between bg-zinc-800 text-white w-full"
      >
        <div
          className="px-5 xl:px-12 py-3 flex w-full items-center justify-between"
        >
          <h3
            className="text-lg sm:text-xl md:text-2xl font-bold font-heading"
          >
            Hola, 
            Jeisson
          </h3>
          <div
            className="flex items-center space-x-5"
          >
            <button
              className="px-5 py-2 rounded-xl text-base sm:text-lg md:text-xl font-medium text-white bg-indigo-500 hover:bg-indigo-600 active:bg-grey-900 focus:outline-none transition-all
 flex items-center"
              onClick={[Function]}
            >
              <i
                className="fas fa-door-open mr-2 text-base sm:text-lg md:text-xl"
              />
              Salir
            </button>
          </div>
        </div>
      </nav>
    </section>
  </div>
  <div
    className="rbc-calendar"
  >
    <div
      className="rbc-toolbar"
    >
      <span
        className="rbc-btn-group"
      >
        <button
          onClick={[Function]}
          type="button"
        >
          Hoy
        </button>
        <button
          onClick={[Function]}
          type="button"
        >
          &lt;
        </button>
        <button
          onClick={[Function]}
          type="button"
        >
          &gt;
        </button>
      </span>
      <span
        className="rbc-toolbar-label"
      >
        enero 2022
      </span>
      <span
        className="rbc-btn-group"
      >
        <button
          className="rbc-active"
          key="month"
          onClick={[Function]}
          type="button"
        >
          Mes
        </button>
        <button
          className=""
          key="week"
          onClick={[Function]}
          type="button"
        >
          Semana
        </button>
        <button
          className=""
          key="day"
          onClick={[Function]}
          type="button"
        >
          Día
        </button>
        <button
          className=""
          key="agenda"
          onClick={[Function]}
          type="button"
        >
          Agenda
        </button>
      </span>
    </div>
    <div
      aria-label="Month View"
      className="rbc-month-view"
      role="table"
    >
      <div
        className="rbc-row rbc-month-header"
        role="row"
      >
        <div
          className="rbc-header"
          key="header_0"
        >
          <span
            aria-sort="none"
            role="columnheader"
          >
            lun.
          </span>
        </div>
        <div
          className="rbc-header"
          key="header_1"
        >
          <span
            aria-sort="none"
            role="columnheader"
          >
            mar.
          </span>
        </div>
        <div
          className="rbc-header"
          key="header_2"
        >
          <span
            aria-sort="none"
            role="columnheader"
          >
            mié.
          </span>
        </div>
        <div
          className="rbc-header"
          key="header_3"
        >
          <span
            aria-sort="none"
            role="columnheader"
          >
            jue.
          </span>
        </div>
        <div
          className="rbc-header"
          key="header_4"
        >
          <span
            aria-sort="none"
            role="columnheader"
          >
            vie.
          </span>
        </div>
        <div
          className="rbc-header"
          key="header_5"
        >
          <span
            aria-sort="none"
            role="columnheader"
          >
            sáb.
          </span>
        </div>
        <div
          className="rbc-header"
          key="header_6"
        >
          <span
            aria-sort="none"
            role="columnheader"
          >
            dom.
          </span>
        </div>
      </div>
      <div
        className="rbc-month-row"
        role="rowgroup"
      >
        <div
          className="rbc-row-bg"
        >
          <div
            className="rbc-day-bg rbc-off-range-bg"
          />
          <div
            className="rbc-day-bg rbc-off-range-bg"
          />
          <div
            className="rbc-day-bg rbc-off-range-bg"
          />
          <div
            className="rbc-day-bg rbc-off-range-bg"
          />
          <div
            className="rbc-day-bg rbc-off-range-bg"
          />
          <div
            className="rbc-day-bg"
          />
          <div
            className="rbc-day-bg"
          />
        </div>
        <div
          className="rbc-row-content"
          role="row"
        >
          <div
            className="rbc-row "
          >
            <div
              className="rbc-date-cell rbc-off-range"
              key="header_0"
              role="cell"
            >
              <a
                href="#"
                onClick={[Function]}
                role="cell"
              >
                27
              </a>
            </div>
            <div
              className="rbc-date-cell rbc-off-range"
              key="header_1"
              role="cell"
            >
              <a
                href="#"
                onClick={[Function]}
                role="cell"
              >
                28
              </a>
            </div>
            <div
              className="rbc-date-cell rbc-off-range"
              key="header_2"
              role="cell"
            >
              <a
                href="#"
                onClick={[Function]}
                role="cell"
              >
                29
              </a>
            </div>
            <div
              className="rbc-date-cell rbc-off-range"
              key="header_3"
              role="cell"
            >
              <a
                href="#"
                onClick={[Function]}
                role="cell"
              >
                30
              </a>
            </div>
            <div
              className="rbc-date-cell rbc-off-range"
              key="header_4"
              role="cell"
            >
              <a
                href="#"
                onClick={[Function]}
                role="cell"
              >
                31
              </a>
            </div>
            <div
              className="rbc-date-cell"
              key="header_5"
              role="cell"
            >
              <a
                href="#"
                onClick={[Function]}
                role="cell"
              >
                01
              </a>
            </div>
            <div
              className="rbc-date-cell"
              key="header_6"
              role="cell"
            >
              <a
                href="#"
                onClick={[Function]}
                role="cell"
              >
                02
              </a>
            </div>
          </div>
        </div>
      </div>
      <div
        className="rbc-month-row"
        role="rowgroup"
      >
        <div
          className="rbc-row-bg"
        >
          <div
            className="rbc-day-bg rbc-today"
          />
          <div
            className="rbc-day-bg"
          />
          <div
            className="rbc-day-bg"
          />
          <div
            className="rbc-day-bg"
          />
          <div
            className="rbc-day-bg"
          />
          <div
            className="rbc-day-bg"
          />
          <div
            className="rbc-day-bg"
          />
        </div>
        <div
          className="rbc-row-content"
          role="row"
        >
          <div
            className="rbc-row "
          >
            <div
              className="rbc-date-cell rbc-now rbc-current"
              key="header_0"
              role="cell"
            >
              <a
                href="#"
                onClick={[Function]}
                role="cell"
              >
                03
              </a>
            </div>
            <div
              className="rbc-date-cell"
              key="header_1"
              role="cell"
            >
              <a
                href="#"
                onClick={[Function]}
                role="cell"
              >
                04
              </a>
            </div>
            <div
              className="rbc-date-cell"
              key="header_2"
              role="cell"
            >
              <a
                href="#"
                onClick={[Function]}
                role="cell"
              >
                05
              </a>
            </div>
            <div
              className="rbc-date-cell"
              key="header_3"
              role="cell"
            >
              <a
                href="#"
                onClick={[Function]}
                role="cell"
              >
                06
              </a>
            </div>
            <div
              className="rbc-date-cell"
              key="header_4"
              role="cell"
            >
              <a
                href="#"
                onClick={[Function]}
                role="cell"
              >
                07
              </a>
            </div>
            <div
              className="rbc-date-cell"
              key="header_5"
              role="cell"
            >
              <a
                href="#"
                onClick={[Function]}
                role="cell"
              >
                08
              </a>
            </div>
            <div
              className="rbc-date-cell"
              key="header_6"
              role="cell"
            >
              <a
                href="#"
                onClick={[Function]}
                role="cell"
              >
                09
              </a>
            </div>
          </div>
        </div>
      </div>
      <div
        className="rbc-month-row"
        role="rowgroup"
      >
        <div
          className="rbc-row-bg"
        >
          <div
            className="rbc-day-bg"
          />
          <div
            className="rbc-day-bg"
          />
          <div
            className="rbc-day-bg"
          />
          <div
            className="rbc-day-bg"
          />
          <div
            className="rbc-day-bg"
          />
          <div
            className="rbc-day-bg"
          />
          <div
            className="rbc-day-bg"
          />
        </div>
        <div
          className="rbc-row-content"
          role="row"
        >
          <div
            className="rbc-row "
          >
            <div
              className="rbc-date-cell"
              key="header_0"
              role="cell"
            >
              <a
                href="#"
                onClick={[Function]}
                role="cell"
              >
                10
              </a>
            </div>
            <div
              className="rbc-date-cell"
              key="header_1"
              role="cell"
            >
              <a
                href="#"
                onClick={[Function]}
                role="cell"
              >
                11
              </a>
            </div>
            <div
              className="rbc-date-cell"
              key="header_2"
              role="cell"
            >
              <a
                href="#"
                onClick={[Function]}
                role="cell"
              >
                12
              </a>
            </div>
            <div
              className="rbc-date-cell"
              key="header_3"
              role="cell"
            >
              <a
                href="#"
                onClick={[Function]}
                role="cell"
              >
                13
              </a>
            </div>
            <div
              className="rbc-date-cell"
              key="header_4"
              role="cell"
            >
              <a
                href="#"
                onClick={[Function]}
                role="cell"
              >
                14
              </a>
            </div>
            <div
              className="rbc-date-cell"
              key="header_5"
              role="cell"
            >
              <a
                href="#"
                onClick={[Function]}
                role="cell"
              >
                15
              </a>
            </div>
            <div
              className="rbc-date-cell"
              key="header_6"
              role="cell"
            >
              <a
                href="#"
                onClick={[Function]}
                role="cell"
              >
                16
              </a>
            </div>
          </div>
        </div>
      </div>
      <div
        className="rbc-month-row"
        role="rowgroup"
      >
        <div
          className="rbc-row-bg"
        >
          <div
            className="rbc-day-bg"
          />
          <div
            className="rbc-day-bg"
          />
          <div
            className="rbc-day-bg"
          />
          <div
            className="rbc-day-bg"
          />
          <div
            className="rbc-day-bg"
          />
          <div
            className="rbc-day-bg"
          />
          <div
            className="rbc-day-bg"
          />
        </div>
        <div
          className="rbc-row-content"
          role="row"
        >
          <div
            className="rbc-row "
          >
            <div
              className="rbc-date-cell"
              key="header_0"
              role="cell"
            >
              <a
                href="#"
                onClick={[Function]}
                role="cell"
              >
                17
              </a>
            </div>
            <div
              className="rbc-date-cell"
              key="header_1"
              role="cell"
            >
              <a
                href="#"
                onClick={[Function]}
                role="cell"
              >
                18
              </a>
            </div>
            <div
              className="rbc-date-cell"
              key="header_2"
              role="cell"
            >
              <a
                href="#"
                onClick={[Function]}
                role="cell"
              >
                19
              </a>
            </div>
            <div
              className="rbc-date-cell"
              key="header_3"
              role="cell"
            >
              <a
                href="#"
                onClick={[Function]}
                role="cell"
              >
                20
              </a>
            </div>
            <div
              className="rbc-date-cell"
              key="header_4"
              role="cell"
            >
              <a
                href="#"
                onClick={[Function]}
                role="cell"
              >
                21
              </a>
            </div>
            <div
              className="rbc-date-cell"
              key="header_5"
              role="cell"
            >
              <a
                href="#"
                onClick={[Function]}
                role="cell"
              >
                22
              </a>
            </div>
            <div
              className="rbc-date-cell"
              key="header_6"
              role="cell"
            >
              <a
                href="#"
                onClick={[Function]}
                role="cell"
              >
                23
              </a>
            </div>
          </div>
        </div>
      </div>
      <div
        className="rbc-month-row"
        role="rowgroup"
      >
        <div
          className="rbc-row-bg"
        >
          <div
            className="rbc-day-bg"
          />
          <div
            className="rbc-day-bg"
          />
          <div
            className="rbc-day-bg"
          />
          <div
            className="rbc-day-bg"
          />
          <div
            className="rbc-day-bg"
          />
          <div
            className="rbc-day-bg"
          />
          <div
            className="rbc-day-bg"
          />
        </div>
        <div
          className="rbc-row-content"
          role="row"
        >
          <div
            className="rbc-row "
          >
            <div
              className="rbc-date-cell"
              key="header_0"
              role="cell"
            >
              <a
                href="#"
                onClick={[Function]}
                role="cell"
              >
                24
              </a>
            </div>
            <div
              className="rbc-date-cell"
              key="header_1"
              role="cell"
            >
              <a
                href="#"
                onClick={[Function]}
                role="cell"
              >
                25
              </a>
            </div>
            <div
              className="rbc-date-cell"
              key="header_2"
              role="cell"
            >
              <a
                href="#"
                onClick={[Function]}
                role="cell"
              >
                26
              </a>
            </div>
            <div
              className="rbc-date-cell"
              key="header_3"
              role="cell"
            >
              <a
                href="#"
                onClick={[Function]}
                role="cell"
              >
                27
              </a>
            </div>
            <div
              className="rbc-date-cell"
              key="header_4"
              role="cell"
            >
              <a
                href="#"
                onClick={[Function]}
                role="cell"
              >
                28
              </a>
            </div>
            <div
              className="rbc-date-cell"
              key="header_5"
              role="cell"
            >
              <a
                href="#"
                onClick={[Function]}
                role="cell"
              >
                29
              </a>
            </div>
            <div
              className="rbc-date-cell"
              key="header_6"
              role="cell"
            >
              <a
                href="#"
                onClick={[Function]}
                role="cell"
              >
                30
              </a>
            </div>
          </div>
        </div>
      </div>
      <div
        className="rbc-month-row"
        role="rowgroup"
      >
        <div
          className="rbc-row-bg"
        >
          <div
            className="rbc-day-bg"
          />
          <div
            className="rbc-day-bg rbc-off-range-bg"
          />
          <div
            className="rbc-day-bg rbc-off-range-bg"
          />
          <div
            className="rbc-day-bg rbc-off-range-bg"
          />
          <div
            className="rbc-day-bg rbc-off-range-bg"
          />
          <div
            className="rbc-day-bg rbc-off-range-bg"
          />
          <div
            className="rbc-day-bg rbc-off-range-bg"
          />
        </div>
        <div
          className="rbc-row-content"
          role="row"
        >
          <div
            className="rbc-row "
          >
            <div
              className="rbc-date-cell"
              key="header_0"
              role="cell"
            >
              <a
                href="#"
                onClick={[Function]}
                role="cell"
              >
                31
              </a>
            </div>
            <div
              className="rbc-date-cell rbc-off-range"
              key="header_1"
              role="cell"
            >
              <a
                href="#"
                onClick={[Function]}
                role="cell"
              >
                01
              </a>
            </div>
            <div
              className="rbc-date-cell rbc-off-range"
              key="header_2"
              role="cell"
            >
              <a
                href="#"
                onClick={[Function]}
                role="cell"
              >
                02
              </a>
            </div>
            <div
              className="rbc-date-cell rbc-off-range"
              key="header_3"
              role="cell"
            >
              <a
                href="#"
                onClick={[Function]}
                role="cell"
              >
                03
              </a>
            </div>
            <div
              className="rbc-date-cell rbc-off-range"
              key="header_4"
              role="cell"
            >
              <a
                href="#"
                onClick={[Function]}
                role="cell"
              >
                04
              </a>
            </div>
            <div
              className="rbc-date-cell rbc-off-range"
              key="header_5"
              role="cell"
            >
              <a
                href="#"
                onClick={[Function]}
                role="cell"
              >
                05
              </a>
            </div>
            <div
              className="rbc-date-cell rbc-off-range"
              key="header_6"
              role="cell"
            >
              <a
                href="#"
                onClick={[Function]}
                role="cell"
              >
                06
              </a>
            </div>
          </div>
        </div>
      </div>
    </div>
  </div>
  <button
    className="absolute z-50 bottom-4 right-4 bg-indigo-500 text-white text-xl sm:text-2xl md:text-3xl h-10 w-10 sm:h-12 sm:w-12 md:h-16 md:w-16  rounded-full m-2"
    onClick={[Function]}
  >
    <i
      className="fas fa-plus"
    />
  </button>
  <Portal
    containerInfo={
      <div
        class="ReactModalPortal"
      />
    }
  />
</div>
`;
